First building id/name, followed by Enter: Second building id/name, followed by Enter: Path from Patroon Manor to Blitman Residence Commons:
	Walk SouthWest to (Intersection 115)
	Walk South to (Rensselaer Apartment Housing Project RAHP B Site)
	Walk South to (Stacwyck Apartments)
	Walk SouthWest to (East Campus Athletic Village Arena)
	Walk South to (Intersection 127)
	Walk West to (Intersection 128)
	Walk West to (Intersection 126)
	Walk SouthWest to (Burdett Avenue Residence Hall)
	Walk West to (Intersection 109)
	Walk SouthWest to (Intersection 118)
	Walk SouthWest to (Intersection 119)
	Walk NorthWest to (Admissions)
	Walk West to (Intersection 105)
	Walk West to (Intersection 108)
	Walk West to (Intersection 132)
	Walk West to (Intersection 131)
	Walk West to (Intersection 130)
	Walk SouthWest to (Pittsburgh Building)
	Walk West to (Intersection 94)
	Walk SouthWest to (Winslow Building)
	Walk South to (Louis Rubin Memorial Approach)
	Walk West to (Blitman Residence Commons)
Total distance: 2511.445 pixel units.
