First building id/name, followed by Enter: 
Second building id/name, followed by Enter: 
Unknown building: [111]
Unknown building: [117]
First building id/name, followed by Enter: 
Second building id/name, followed by Enter: 
Unknown building: [112]
First building id/name, followed by Enter: 
Second building id/name, followed by Enter: 
Unknown building: [113]
First building id/name, followed by Enter: 
Second building id/name, followed by Enter: 
Unknown building: [1002]
First building id/name, followed by Enter: 
Second building id/name, followed by Enter: 
Unknown building: [1324]
Unknown building: [128]
First building id/name, followed by Enter: 
Second building id/name, followed by Enter: 
Path from OGE to 2144 Burdett Avenue:
	Walk NorthWest to (Intersection 112)
	Walk East to (Intersection 117)
	Walk East to (Intersection 111)
	Walk East to (Intersection 113)
	Walk SouthEast to (2144 Burdett Avenue)
Total distance: 539.140 pixel units.
